\BOOKMARK [0][-]{chapter*.2}{\376\377\000L\036\335\000i\000\040\000m\036\337\000\040\001\021\036\247\000u}{}% 1
\BOOKMARK [1][-]{section*.3}{\376\377\000L\000\375\000\040\000d\000o\000\040\000l\036\361\000a\000\040\000c\000h\036\315\000n\000\040\001\021\036\301\000\040\000t\000\340\000i}{chapter*.2}% 2
\BOOKMARK [1][-]{section*.4}{\376\377\001\020\036\321\000i\000\040\000t\001\260\036\343\000n\000g\000\040\000v\000\340\000\040\000p\000h\036\241\000m\000\040\000v\000i\000\040\000n\000g\000h\000i\000\352\000n\000\040\000c\036\351\000u}{chapter*.2}% 3
\BOOKMARK [1][-]{section*.5}{\376\377\001\020\036\331\000n\000g\000\040\000l\036\361\000c\000\040\036\351\000n\000g\000\040\000d\036\345\000n\000g\000\040\000t\000r\000\355\000\040\000t\000u\036\307\000\040\000n\000h\000\342\000n\000\040\000t\036\241\000o\000\040\000t\000r\000o\000n\000g\000\040\000x\036\277\000p\000\040\000h\036\241\000n\000g\000\040\000t\000\355\000n\000\040\000d\036\345\000n\000g}{chapter*.2}% 4
\BOOKMARK [0][-]{chapter*.7}{\376\377\000M\036\331\000t\000\040\000s\036\321\000\040\000t\000h\000u\036\255\000t\000\040\000n\000g\036\357\000\040\000v\000i\036\277\000t\000\040\000t\036\257\000t}{}% 5
\BOOKMARK [0][-]{chapter*.8}{\376\377\000D\000a\000n\000h\000\040\000s\000\341\000c\000h\000\040\000h\000\354\000n\000h\000\040\000v\036\275}{}% 6
\BOOKMARK [0][-]{chapter*.9}{\376\377\000D\000a\000n\000h\000\040\000s\000\341\000c\000h\000\040\000b\036\243\000n\000g}{}% 7
\BOOKMARK [0][-]{chapter.1}{\376\377\000G\000I\036\332\000I\000\040\000T\000H\000I\036\306\000U\000\040\000T\036\324\000N\000G\000\040\000Q\000U\000A\000N\000\040\000V\036\300\000\040\001\020\036\300\000\040\000T\000\300\000I}{}% 8
\BOOKMARK [1][-]{section.1.1}{\376\377\000B\036\321\000i\000\040\000c\036\243\000n\000h\000\040\000h\000o\036\241\000t\000\040\001\021\036\331\000n\000g\000\040\000t\000\355\000n\000\040\000d\036\345\000n\000g\000\040\000v\000\340\000\040\000r\036\347\000i\000\040\000r\000o\000\040\000t\000\355\000n\000\040\000d\036\345\000n\000g}{chapter.1}% 9
\BOOKMARK [1][-]{section.1.2}{\376\377\000T\036\325\000n\000g\000\040\000q\000u\000a\000n\000\040\000v\036\301\000\040\000c\000h\036\245\000m\000\040\001\021\000i\036\303\000m\000\040\000v\000\340\000\040\000x\036\277\000p\000\040\000h\036\241\000n\000g\000\040\000t\000\355\000n\000\040\000d\036\345\000n\000g}{chapter.1}% 10
\BOOKMARK [1][-]{section.1.3}{\376\377\000C\000h\000u\000y\036\303\000n\000\040\001\021\036\325\000i\000\040\000s\036\321\000\040\000t\000r\000o\000n\000g\000\040\000n\000g\000\342\000n\000\040\000h\000\340\000n\000g\000\040\000v\000\340\000\040\000v\000a\000i\000\040\000t\000r\000\362\000\040\000c\036\347\000a\000\040\000d\036\357\000\040\000l\000i\036\307\000u}{chapter.1}% 11
\BOOKMARK [1][-]{section.1.4}{\376\377\000T\000h\000\340\000n\000h\000\040\000t\036\361\000u\000\040\000v\000\340\000\040\000h\036\241\000n\000\040\000c\000h\036\277\000\040\000c\036\347\000a\000\040\000c\000\341\000c\000\040\000p\000h\001\260\001\241\000n\000g\000\040\000p\000h\000\341\000p\000\040\001\021\000\341\000n\000h\000\040\000g\000i\000\341\000\040\000t\000\355\000n\000\040\000d\036\345\000n\000g\000\040\000t\000r\000u\000y\036\301\000n\000\040\000t\000h\036\321\000n\000g}{chapter.1}% 12
\BOOKMARK [2][-]{subsection.1.4.1}{\376\377\000P\000h\001\260\001\241\000n\000g\000\040\000p\000h\000\341\000p\000\040\000c\000h\000u\000y\000\352\000n\000\040\000g\000i\000a}{section.1.4}% 13
\BOOKMARK [2][-]{subsection.1.4.2}{\376\377\000A\000l\000t\000m\000a\000n\000\040\000v\000\340\000\040\000m\000\364\000\040\000h\000\354\000n\000h\000\040\000Z\000-\000s\000c\000o\000r\000e}{section.1.4}% 14
\BOOKMARK [2][-]{subsection.1.4.3}{\376\377\000O\000h\000l\000s\000o\000n\000\040\000v\000\340\000\040\000m\000\364\000\040\000h\000\354\000n\000h\000\040\000x\000\341\000c\000\040\000s\000u\036\245\000t\000\040\000p\000h\000\341\000\040\000s\036\243\000n}{section.1.4}% 15
\BOOKMARK [2][-]{subsection.1.4.4}{\376\377\000H\000a\000n\000d\000\040\000v\000\340\000\040\000H\000e\000n\000l\000e\000y}{section.1.4}% 16
\BOOKMARK [2][-]{subsection.1.4.5}{\376\377\000L\000y\000n\000\040\000C\000.\000\040\000T\000h\000o\000m\000a\000s}{section.1.4}% 17
\BOOKMARK [2][-]{subsection.1.4.6}{\376\377\000J\000o\000n\000a\000t\000h\000a\000n\000\040\000N\000.\000\040\000C\000r\000o\000o\000k}{section.1.4}% 18
\BOOKMARK [2][-]{subsection.1.4.7}{\376\377\000B\000a\000e\000s\000e\000n\000s\000\040\000v\000\340\000\040\000L\000e\000s\000s\000m\000a\000n\000n}{section.1.4}% 19
\BOOKMARK [2][-]{subsection.1.4.8}{\376\377\000N\000h\036\255\000n\000\040\000x\000\351\000t\000\040\000t\036\325\000n\000g\000\040\000h\036\343\000p}{section.1.4}% 20
\BOOKMARK [1][-]{section.1.5}{\376\377\000P\000h\000\341\000t\000\040\000b\000i\036\303\000u\000\040\000b\000\340\000i\000\040\000t\000o\000\341\000n\000\040\000n\000g\000h\000i\000\352\000n\000\040\000c\036\351\000u}{chapter.1}% 21
\BOOKMARK [2][-]{subsection.1.5.1}{\376\377\001\020\000i\036\303\000m\000\040\000p\000h\000\341\000t\000\040\000t\000r\000i\036\303\000n\000\040\000s\000o\000\040\000v\036\333\000i\000\040\000c\000\341\000c\000\040\000c\000\364\000n\000g\000\040\000t\000r\000\354\000n\000h\000\040\001\021\000i\000\040\000t\000r\001\260\036\333\000c}{section.1.5}% 22
\BOOKMARK [1][-]{section.1.6}{\376\377\000P\000h\001\260\001\241\000n\000g\000\040\000p\000h\000\341\000p\000\040\000n\000g\000h\000i\000\352\000n\000\040\000c\036\351\000u}{chapter.1}% 23
\BOOKMARK [1][-]{section.1.7}{\376\377\000M\036\345\000c\000\040\000t\000i\000\352\000u\000\040\000n\000g\000h\000i\000\352\000n\000\040\000c\036\351\000u}{chapter.1}% 24
\BOOKMARK [2][-]{subsection.1.7.1}{\376\377\000M\036\345\000c\000\040\000t\000i\000\352\000u\000\040\000t\036\325\000n\000g\000\040\000q\000u\000\341\000t}{section.1.7}% 25
\BOOKMARK [2][-]{subsection.1.7.2}{\376\377\000M\036\345\000c\000\040\000t\000i\000\352\000u\000\040\000c\036\345\000\040\000t\000h\036\303}{section.1.7}% 26
\BOOKMARK [1][-]{section.1.8}{\376\377\000C\000\342\000u\000\040\000h\036\317\000i\000\040\000n\000g\000h\000i\000\352\000n\000\040\000c\036\351\000u}{chapter.1}% 27
\BOOKMARK [1][-]{section.1.9}{\376\377\000\335\000\040\000n\000g\000h\001\051\000a\000\040\000k\000h\000o\000a\000\040\000h\036\315\000c\000\040\000v\000\340\000\040\000t\000h\036\361\000c\000\040\000t\000i\036\305\000n}{chapter.1}% 28
\BOOKMARK [0][-]{chapter.2}{\376\377\000C\001\240\000\040\000S\036\336\000\040\000L\000\335\000\040\000T\000H\000U\000Y\036\276\000T\000\040\000V\000\300\000\040\000C\000\301\000C\000\040\000N\000G\000H\000I\000\312\000N\000\040\000C\036\350\000U\000\040\000L\000I\000\312\000N\000\040\000Q\000U\000A\000N}{}% 29
\BOOKMARK [1][-]{section.2.1}{\376\377\000T\000\355\000n\000\040\000d\036\345\000n\000g\000\040\000v\000\340\000\040\000r\036\347\000i\000\040\000r\000o\000\040\000t\000\355\000n\000\040\000d\036\345\000n\000g}{chapter.2}% 30
\BOOKMARK [2][-]{subsection.2.1.1}{\376\377\000K\000h\000\341\000i\000\040\000n\000i\036\307\000m\000\040\000t\000\355\000n\000\040\000d\036\345\000n\000g}{section.2.1}% 31
\BOOKMARK [2][-]{subsection.2.1.2}{\376\377\000K\000h\000\341\000i\000\040\000n\000i\036\307\000m\000\040\000r\036\347\000i\000\040\000r\000o\000\040\000t\000\355\000n\000\040\000d\036\345\000n\000g}{section.2.1}% 32
\BOOKMARK [2][-]{subsection.2.1.3}{\376\377\000P\000h\000\342\000n\000\040\000l\000o\036\241\000i\000\040\000n\000h\000\363\000m\000\040\000n\036\343}{section.2.1}% 33
\BOOKMARK [1][-]{section.2.2}{\376\377\000C\000h\036\245\000m\000\040\001\021\000i\036\303\000m\000\040\000v\000\340\000\040\000x\036\277\000p\000\040\000h\036\241\000n\000g\000\040\000t\000\355\000n\000\040\000d\036\345\000n\000g}{chapter.2}% 34
\BOOKMARK [1][-]{section.2.3}{\376\377\000C\000\341\000c\000\040\000p\000h\001\260\001\241\000n\000g\000\040\000p\000h\000\341\000p\000\040\001\021\000\341\000n\000h\000\040\000g\000i\000\341\000\040\000t\000\355\000n\000\040\000d\036\345\000n\000g\000\040\000t\000r\000u\000y\036\301\000n\000\040\000t\000h\036\321\000n\000g}{chapter.2}% 35
\BOOKMARK [1][-]{section.2.4}{\376\377\000T\000r\000\355\000\040\000t\000u\036\307\000\040\000n\000h\000\342\000n\000\040\000t\036\241\000o\000\040\000v\000\340\000\040\000h\036\315\000c\000\040\000m\000\341\000y}{chapter.2}% 36
\BOOKMARK [1][-]{section.2.5}{\376\377\000C\000\341\000c\000\040\000m\000\364\000\040\000h\000\354\000n\000h\000\040\000s\036\355\000\040\000d\036\345\000n\000g}{chapter.2}% 37
\BOOKMARK [2][-]{subsection.2.5.1}{\376\377\000L\000o\000g\000i\000s\000t\000i\000c\000\040\000R\000e\000g\000r\000e\000s\000s\000i\000o\000n\000\040\001\021\000a\000\040\000l\036\333\000p}{section.2.5}% 38
\BOOKMARK [2][-]{subsection.2.5.2}{\376\377\000D\000e\000c\000i\000s\000i\000o\000n\000\040\000T\000r\000e\000e}{section.2.5}% 39
\BOOKMARK [2][-]{subsection.2.5.3}{\376\377\000R\000a\000n\000d\000o\000m\000\040\000F\000o\000r\000e\000s\000t}{section.2.5}% 40
\BOOKMARK [2][-]{subsection.2.5.4}{\376\377\000X\000G\000B\000o\000o\000s\000t}{section.2.5}% 41
\BOOKMARK [2][-]{subsection.2.5.5}{\376\377\000L\000i\000g\000h\000t\000G\000B\000M}{section.2.5}% 42
\BOOKMARK [2][-]{subsection.2.5.6}{\376\377\000C\000a\000t\000B\000o\000o\000s\000t}{section.2.5}% 43
\BOOKMARK [1][-]{section.2.6}{\376\377\000C\000\341\000c\000\040\000v\036\245\000n\000\040\001\021\036\301\000\040\001\021\036\267\000c\000\040\000t\000h\000\371\000\040\000c\036\347\000a\000\040\000d\036\357\000\040\000l\000i\036\307\000u\000\040\000t\000\355\000n\000\040\000d\036\345\000n\000g}{chapter.2}% 44
\BOOKMARK [2][-]{subsection.2.6.1}{\376\377\000M\036\245\000t\000\040\000c\000\342\000n\000\040\000b\036\261\000n\000g\000\040\000l\036\333\000p}{section.2.6}% 45
\BOOKMARK [2][-]{subsection.2.6.2}{\376\377\000T\000\355\000n\000h\000\040\000t\000h\036\351\000\040\000t\036\361}{section.2.6}% 46
\BOOKMARK [2][-]{subsection.2.6.3}{\376\377\000T\000h\000a\000y\000\040\001\021\036\325\000i\000\040\000t\000h\000e\000o\000\040\000t\000h\036\335\000i\000\040\000g\000i\000a\000n}{section.2.6}% 47
\BOOKMARK [2][-]{subsection.2.6.4}{\376\377\000K\000h\036\243\000\040\000n\001\003\000n\000g\000\040\000g\000i\036\243\000i\000\040\000t\000h\000\355\000c\000h}{section.2.6}% 48
\BOOKMARK [1][-]{section.2.7}{\376\377\000C\000h\036\311\000\040\000t\000i\000\352\000u\000\040\001\021\000\341\000n\000h\000\040\000g\000i\000\341}{chapter.2}% 49
\BOOKMARK [2][-]{subsection.2.7.1}{\376\377\000A\000c\000c\000u\000r\000a\000c\000y}{section.2.7}% 50
\BOOKMARK [2][-]{subsection.2.7.2}{\376\377\000P\000r\000e\000c\000i\000s\000i\000o\000n\000,\000\040\000R\000e\000c\000a\000l\000l\000\040\000v\000\340\000\040\000F\0001}{section.2.7}% 51
\BOOKMARK [2][-]{subsection.2.7.3}{\376\377\000M\000a\000c\000r\000o\000\040\000F\0001}{section.2.7}% 52
\BOOKMARK [2][-]{subsection.2.7.4}{\376\377\000W\000e\000i\000g\000h\000t\000e\000d\000\040\000F\0001}{section.2.7}% 53
\BOOKMARK [2][-]{subsection.2.7.5}{\376\377\000B\000a\000l\000a\000n\000c\000e\000d\000\040\000A\000c\000c\000u\000r\000a\000c\000y}{section.2.7}% 54
\BOOKMARK [2][-]{subsection.2.7.6}{\376\377\000O\000r\000d\000i\000n\000a\000l\000\040\000M\000A\000E}{section.2.7}% 55
\BOOKMARK [1][-]{section.2.8}{\376\377\000T\036\325\000n\000g\000\040\000q\000u\000a\000n\000\040\000n\000g\000h\000i\000\352\000n\000\040\000c\036\351\000u\000\040\000l\000i\000\352\000n\000\040\000q\000u\000a\000n}{chapter.2}% 56
\BOOKMARK [1][-]{section.2.9}{\376\377\000K\000h\000o\036\243\000n\000g\000\040\000t\000r\036\321\000n\000g\000\040\000n\000g\000h\000i\000\352\000n\000\040\000c\036\351\000u}{chapter.2}% 57
\BOOKMARK [1][-]{section.2.10}{\376\377\001\020\036\313\000n\000h\000\040\000h\001\260\036\333\000n\000g\000\040\000n\000g\000h\000i\000\352\000n\000\040\000c\036\351\000u}{chapter.2}% 58
\BOOKMARK [1][-]{section.2.11}{\376\377\000T\000\363\000m\000\040\000t\036\257\000t\000\040\000c\000h\001\260\001\241\000n\000g}{chapter.2}% 59
\BOOKMARK [0][-]{chapter.3}{\376\377\000D\036\356\000\040\000L\000I\036\306\000U\000\040\000V\000\300\000\040\000P\000H\001\257\001\240\000N\000G\000\040\000P\000H\000\301\000P\000\040\000N\000G\000H\000I\000\312\000N\000\040\000C\036\350\000U}{}% 60
\BOOKMARK [1][-]{section.3.1}{\376\377\000Q\000u\000y\000\040\000t\000r\000\354\000n\000h\000\040\000n\000g\000h\000i\000\352\000n\000\040\000c\036\351\000u}{chapter.3}% 61
\BOOKMARK [1][-]{section.3.2}{\376\377\000M\000\364\000\040\000t\036\243\000\040\000d\036\357\000\040\000l\000i\036\307\000u\000\040\000n\000g\000h\000i\000\352\000n\000\040\000c\036\351\000u}{chapter.3}% 62
\BOOKMARK [2][-]{subsection.3.2.1}{\376\377\000N\000g\000u\036\323\000n\000\040\000d\036\357\000\040\000l\000i\036\307\000u}{section.3.2}% 63
\BOOKMARK [2][-]{subsection.3.2.2}{\376\377\000B\000i\036\277\000n\000\040\000m\036\345\000c\000\040\000t\000i\000\352\000u}{section.3.2}% 64
\BOOKMARK [2][-]{subsection.3.2.3}{\376\377\000M\000\364\000\040\000t\036\243\000\040\000c\000\341\000c\000\040\000n\000h\000\363\000m\000\040\000b\000i\036\277\000n}{section.3.2}% 65
\BOOKMARK [1][-]{section.3.3}{\376\377\000T\000i\036\301\000n\000\040\000x\036\355\000\040\000l\000\375\000\040\000d\036\357\000\040\000l\000i\036\307\000u}{chapter.3}% 66
\BOOKMARK [2][-]{subsection.3.3.1}{\376\377\000L\000\340\000m\000\040\000s\036\241\000c\000h\000\040\000d\036\357\000\040\000l\000i\036\307\000u}{section.3.3}% 67
\BOOKMARK [2][-]{subsection.3.3.2}{\376\377\000X\036\355\000\040\000l\000\375\000\040\000g\000i\000\341\000\040\000t\000r\036\313\000\040\000t\000h\000i\036\277\000u}{section.3.3}% 68
\BOOKMARK [2][-]{subsection.3.3.3}{\376\377\000X\036\355\000\040\000l\000\375\000\040\000n\000g\000o\036\241\000i\000\040\000l\036\307}{section.3.3}% 69
\BOOKMARK [1][-]{section.3.4}{\376\377\000P\000h\000\342\000n\000\040\000t\000\355\000c\000h\000\040\000k\000h\000\341\000m\000\040\000p\000h\000\341\000\040\000d\036\357\000\040\000l\000i\036\307\000u}{chapter.3}% 70
\BOOKMARK [2][-]{subsection.3.4.1}{\376\377\000P\000h\000\342\000n\000\040\000b\036\321\000\040\000b\000i\036\277\000n\000\040\000m\036\345\000c\000\040\000t\000i\000\352\000u}{section.3.4}% 71
\BOOKMARK [2][-]{subsection.3.4.2}{\376\377\000P\000h\000\342\000n\000\040\000t\000\355\000c\000h\000\040\000t\001\260\001\241\000n\000g\000\040\000q\000u\000a\000n}{section.3.4}% 72
\BOOKMARK [1][-]{section.3.5}{\376\377\000X\000\342\000y\000\040\000d\036\361\000n\000g\000\040\001\021\036\267\000c\000\040\000t\000r\001\260\000n\000g}{chapter.3}% 73
\BOOKMARK [2][-]{subsection.3.5.1}{\376\377\000B\000i\036\277\000n\000\040\000t\000h\036\335\000i\000\040\000g\000i\000a\000n}{section.3.5}% 74
\BOOKMARK [2][-]{subsection.3.5.2}{\376\377\000B\000i\036\277\000n\000\040\000h\000\340\000n\000h\000\040\000v\000i\000\040\000t\000\355\000n\000\040\000d\036\345\000n\000g}{section.3.5}% 75
\BOOKMARK [2][-]{subsection.3.5.3}{\376\377\000M\000\343\000\040\000h\000\363\000a\000\040\000b\000i\036\277\000n\000\040\000p\000h\000\342\000n\000\040\000l\000o\036\241\000i}{section.3.5}% 76
\BOOKMARK [1][-]{section.3.6}{\376\377\000X\036\355\000\040\000l\000\375\000\040\000m\036\245\000t\000\040\000c\000\342\000n\000\040\000b\036\261\000n\000g\000\040\000d\036\357\000\040\000l\000i\036\307\000u}{chapter.3}% 77
\BOOKMARK [1][-]{section.3.7}{\376\377\000T\000h\000i\036\277\000t\000\040\000k\036\277\000\040\000t\000h\036\361\000c\000\040\000n\000g\000h\000i\036\307\000m}{chapter.3}% 78
\BOOKMARK [2][-]{subsection.3.7.1}{\376\377\000C\000h\000i\000a\000\040\000t\036\255\000p\000\040\000d\036\357\000\040\000l\000i\036\307\000u}{section.3.7}% 79
\BOOKMARK [2][-]{subsection.3.7.2}{\376\377\000C\000r\000o\000s\000s\000\040\000V\000a\000l\000i\000d\000a\000t\000i\000o\000n}{section.3.7}% 80
\BOOKMARK [1][-]{section.3.8}{\376\377\000X\000\342\000y\000\040\000d\036\361\000n\000g\000\040\000m\000\364\000\040\000h\000\354\000n\000h}{chapter.3}% 81
\BOOKMARK [1][-]{section.3.9}{\376\377\001\020\000\341\000n\000h\000\040\000g\000i\000\341\000\040\000m\000\364\000\040\000h\000\354\000n\000h}{chapter.3}% 82
\BOOKMARK [2][-]{subsection.3.9.1}{\376\377\000A\000c\000c\000u\000r\000a\000c\000y}{section.3.9}% 83
\BOOKMARK [2][-]{subsection.3.9.2}{\376\377\000P\000r\000e\000c\000i\000s\000i\000o\000n}{section.3.9}% 84
\BOOKMARK [2][-]{subsection.3.9.3}{\376\377\000R\000e\000c\000a\000l\000l}{section.3.9}% 85
\BOOKMARK [2][-]{subsection.3.9.4}{\376\377\000F\0001\000-\000S\000c\000o\000r\000e}{section.3.9}% 86
\BOOKMARK [2][-]{subsection.3.9.5}{\376\377\000C\000o\000n\000f\000u\000s\000i\000o\000n\000\040\000M\000a\000t\000r\000i\000x}{section.3.9}% 87
\BOOKMARK [2][-]{subsection.3.9.6}{\376\377\000R\000O\000C\000-\000A\000U\000C}{section.3.9}% 88
\BOOKMARK [1][-]{section.3.10}{\376\377\000T\000\363\000m\000\040\000t\036\257\000t\000\040\000c\000h\001\260\001\241\000n\000g}{chapter.3}% 89
\BOOKMARK [0][-]{chapter.4}{\376\377\000K\036\276\000T\000\040\000Q\000U\036\242\000\040\000T\000H\036\360\000C\000\040\000N\000G\000H\000I\036\306\000M\000\040\000V\000\300\000\040\000T\000H\036\242\000O\000\040\000L\000U\036\254\000N}{}% 90
\BOOKMARK [1][-]{section.4.1}{\376\377\000M\000\364\000i\000\040\000t\000r\001\260\036\335\000n\000g\000\040\000t\000h\036\361\000c\000\040\000n\000g\000h\000i\036\307\000m}{chapter.4}% 91
\BOOKMARK [2][-]{subsection.4.1.1}{\376\377\000C\036\245\000u\000\040\000h\000\354\000n\000h\000\040\000p\000h\036\247\000n\000\040\000c\036\351\000n\000g}{section.4.1}% 92
\BOOKMARK [2][-]{subsection.4.1.2}{\376\377\000M\000\364\000i\000\040\000t\000r\001\260\036\335\000n\000g\000\040\000p\000h\036\247\000n\000\040\000m\036\301\000m}{section.4.1}% 93
\BOOKMARK [1][-]{section.4.2}{\376\377\000P\000h\000\342\000n\000\040\000t\000\355\000c\000h\000\040\000d\036\357\000\040\000l\000i\036\307\000u\000\040\000s\000a\000u\000\040\000t\000i\036\301\000n\000\040\000x\036\355\000\040\000l\000\375}{chapter.4}% 94
\BOOKMARK [2][-]{subsection.4.2.1}{\376\377\000P\000h\000\342\000n\000\040\000b\036\321\000\040\000d\036\357\000\040\000l\000i\036\307\000u}{section.4.2}% 95
\BOOKMARK [2][-]{subsection.4.2.2}{\376\377\000P\000h\000\342\000n\000\040\000t\000\355\000c\000h\000\040\000t\001\260\001\241\000n\000g\000\040\000q\000u\000a\000n}{section.4.2}% 96
\BOOKMARK [1][-]{section.4.3}{\376\377\000K\036\277\000t\000\040\000q\000u\036\243\000\040\000h\000u\036\245\000n\000\040\000l\000u\000y\036\307\000n\000\040\000m\000\364\000\040\000h\000\354\000n\000h}{chapter.4}% 97
\BOOKMARK [2][-]{subsection.4.3.1}{\376\377\000L\000o\000g\000i\000s\000t\000i\000c\000\040\000R\000e\000g\000r\000e\000s\000s\000i\000o\000n}{section.4.3}% 98
\BOOKMARK [2][-]{subsection.4.3.2}{\376\377\000D\000e\000c\000i\000s\000i\000o\000n\000\040\000T\000r\000e\000e}{section.4.3}% 99
\BOOKMARK [2][-]{subsection.4.3.3}{\376\377\000R\000a\000n\000d\000o\000m\000\040\000F\000o\000r\000e\000s\000t}{section.4.3}% 100
\BOOKMARK [2][-]{subsection.4.3.4}{\376\377\000X\000G\000B\000o\000o\000s\000t}{section.4.3}% 101
\BOOKMARK [2][-]{subsection.4.3.5}{\376\377\000L\000i\000g\000h\000t\000G\000B\000M}{section.4.3}% 102
\BOOKMARK [2][-]{subsection.4.3.6}{\376\377\000C\000a\000t\000B\000o\000o\000s\000t}{section.4.3}% 103
\BOOKMARK [1][-]{section.4.4}{\376\377\000S\000o\000\040\000s\000\341\000n\000h\000\040\000c\000\341\000c\000\040\000m\000\364\000\040\000h\000\354\000n\000h}{chapter.4}% 104
\BOOKMARK [1][-]{section.4.5}{\376\377\001\020\000\341\000n\000h\000\040\000g\000i\000\341\000\040\000c\000h\000i\000\040\000t\000i\036\277\000t\000\040\000m\000\364\000\040\000h\000\354\000n\000h\000\040\000t\036\321\000t\000\040\000n\000h\036\245\000t}{chapter.4}% 105
\BOOKMARK [2][-]{subsection.4.5.1}{\376\377\000C\000o\000n\000f\000u\000s\000i\000o\000n\000\040\000M\000a\000t\000r\000i\000x}{section.4.5}% 106
\BOOKMARK [2][-]{subsection.4.5.2}{\376\377\000R\000O\000C\000-\000A\000U\000C}{section.4.5}% 107
\BOOKMARK [1][-]{section.4.6}{\376\377\000G\000i\036\243\000i\000\040\000t\000h\000\355\000c\000h\000\040\000m\000\364\000\040\000h\000\354\000n\000h\000\040\000b\036\261\000n\000g\000\040\000S\000H\000A\000P}{chapter.4}% 108
\BOOKMARK [2][-]{subsection.4.6.1}{\376\377\000F\000e\000a\000t\000u\000r\000e\000\040\000I\000m\000p\000o\000r\000t\000a\000n\000c\000e}{section.4.6}% 109
\BOOKMARK [2][-]{subsection.4.6.2}{\376\377\000S\000H\000A\000P\000\040\000S\000u\000m\000m\000a\000r\000y\000\040\000P\000l\000o\000t}{section.4.6}% 110
\BOOKMARK [1][-]{section.4.7}{\376\377\000T\000h\036\243\000o\000\040\000l\000u\036\255\000n\000\040\000k\036\277\000t\000\040\000q\000u\036\243}{chapter.4}% 111
\BOOKMARK [1][-]{section.4.8}{\376\377\000T\000\363\000m\000\040\000t\036\257\000t\000\040\000c\000h\001\260\001\241\000n\000g}{chapter.4}% 112
\BOOKMARK [0][-]{chapter.5}{\376\377\000K\036\276\000T\000\040\000L\000U\036\254\000N\000\040\000V\000\300\000\040\000K\000I\036\276\000N\000\040\000N\000G\000H\036\312}{}% 113
\BOOKMARK [1][-]{section.5.1}{\376\377\000K\036\277\000t\000\040\000l\000u\036\255\000n}{chapter.5}% 114
\BOOKMARK [1][-]{section.5.2}{\376\377\001\020\000\363\000n\000g\000\040\000g\000\363\000p\000\040\000c\036\347\000a\000\040\000n\000g\000h\000i\000\352\000n\000\040\000c\036\351\000u}{chapter.5}% 115
\BOOKMARK [2][-]{subsection.5.2.1}{\376\377\001\020\000\363\000n\000g\000\040\000g\000\363\000p\000\040\000v\036\301\000\040\000m\036\267\000t\000\040\000k\000h\000o\000a\000\040\000h\036\315\000c}{section.5.2}% 116
\BOOKMARK [2][-]{subsection.5.2.2}{\376\377\001\020\000\363\000n\000g\000\040\000g\000\363\000p\000\040\000v\036\301\000\040\000m\036\267\000t\000\040\000t\000h\036\361\000c\000\040\000t\000i\036\305\000n}{section.5.2}% 117
\BOOKMARK [1][-]{section.5.3}{\376\377\000H\036\241\000n\000\040\000c\000h\036\277\000\040\000c\036\347\000a\000\040\000n\000g\000h\000i\000\352\000n\000\040\000c\036\351\000u}{chapter.5}% 118
\BOOKMARK [1][-]{section.5.4}{\376\377\000K\000i\036\277\000n\000\040\000n\000g\000h\036\313\000\040\001\021\036\321\000i\000\040\000v\036\333\000i\000\040\000n\000g\000\342\000n\000\040\000h\000\340\000n\000g\000\040\000t\000h\001\260\001\241\000n\000g\000\040\000m\036\241\000i}{chapter.5}% 119
\BOOKMARK [2][-]{subsection.5.4.1}{\376\377\000N\000\342\000n\000g\000\040\000c\000a\000o\000\040\000c\000h\036\245\000t\000\040\000l\001\260\036\343\000n\000g\000\040\000d\036\357\000\040\000l\000i\036\307\000u}{section.5.4}% 120
\BOOKMARK [2][-]{subsection.5.4.2}{\376\377\036\350\000n\000g\000\040\000d\036\345\000n\000g\000\040\000t\000r\000\355\000\040\000t\000u\036\307\000\040\000n\000h\000\342\000n\000\040\000t\036\241\000o\000\040\000t\000r\000o\000n\000g\000\040\000x\036\277\000p\000\040\000h\036\241\000n\000g\000\040\000t\000\355\000n\000\040\000d\036\345\000n\000g}{section.5.4}% 121
\BOOKMARK [2][-]{subsection.5.4.3}{\376\377\000P\000h\000\341\000t\000\040\000t\000r\000i\036\303\000n\000\040\000h\036\307\000\040\000t\000h\036\321\000n\000g\000\040\000E\000x\000p\000l\000a\000i\000n\000a\000b\000l\000e\000\040\000A\000I}{section.5.4}% 122
\BOOKMARK [1][-]{section.5.5}{\376\377\000H\001\260\036\333\000n\000g\000\040\000p\000h\000\341\000t\000\040\000t\000r\000i\036\303\000n\000\040\000t\000r\000o\000n\000g\000\040\000t\001\260\001\241\000n\000g\000\040\000l\000a\000i}{chapter.5}% 123
\BOOKMARK [2][-]{subsection.5.5.1}{\376\377\000M\036\337\000\040\000r\036\331\000n\000g\000\040\000q\000u\000y\000\040\000m\000\364\000\040\000d\036\357\000\040\000l\000i\036\307\000u}{section.5.5}% 124
\BOOKMARK [2][-]{subsection.5.5.2}{\376\377\000K\000h\000a\000i\000\040\000t\000h\000\341\000c\000\040\000d\036\357\000\040\000l\000i\036\307\000u\000\040\000p\000h\000i\000\040\000t\000r\000u\000y\036\301\000n\000\040\000t\000h\036\321\000n\000g}{section.5.5}% 125
\BOOKMARK [2][-]{subsection.5.5.3}{\376\377\036\350\000n\000g\000\040\000d\036\345\000n\000g\000\040\000D\000e\000e\000p\000\040\000L\000e\000a\000r\000n\000i\000n\000g}{section.5.5}% 126
\BOOKMARK [2][-]{subsection.5.5.4}{\376\377\000X\000\342\000y\000\040\000d\036\361\000n\000g\000\040\000h\036\307\000\040\000t\000h\036\321\000n\000g\000\040\000c\036\243\000n\000h\000\040\000b\000\341\000o\000\040\000s\036\333\000m}{section.5.5}% 127
\BOOKMARK [2][-]{subsection.5.5.5}{\376\377\000T\000r\000i\036\303\000n\000\040\000k\000h\000a\000i\000\040\000t\000h\036\361\000c\000\040\000t\036\277}{section.5.5}% 128
\BOOKMARK [1][-]{section.5.6}{\376\377\000K\036\277\000t\000\040\000l\000u\036\255\000n\000\040\000c\000h\001\260\001\241\000n\000g}{chapter.5}% 129
